2020-04-19 14:40:13 WARNING (MainThread) [homeassistant.loader] You are using a custom integration for hacs which has not been tested by Home Assistant. This component might cause stability problems, be sure to disable it if you experience issues with Home Assistant.
2020-04-19 14:40:26 WARNING (MainThread) [homeassistant.loader] You are using a custom integration for bom_forecast which has not been tested by Home Assistant. This component might cause stability problems, be sure to disable it if you experience issues with Home Assistant.
2020-04-19 14:40:35 ERROR (MainThread) [homeassistant.components.ipp] Error fetching ipp data: Invalid response from API: Error occurred while communicating with IPP server.
2020-04-19 14:40:35 WARNING (MainThread) [homeassistant.config_entries] Config entry for ipp not ready yet. Retrying in 5 seconds.
2020-04-19 14:40:47 ERROR (MainThread) [homeassistant.components.ipp] Error fetching ipp data: Invalid response from API: Error occurred while communicating with IPP server.
2020-04-19 14:40:47 WARNING (MainThread) [homeassistant.config_entries] Config entry for ipp not ready yet. Retrying in 10 seconds.
2020-04-19 14:41:01 ERROR (MainThread) [homeassistant.components.ipp] Error fetching ipp data: Invalid response from API: Error occurred while communicating with IPP server.
2020-04-19 14:41:01 WARNING (MainThread) [homeassistant.config_entries] Config entry for ipp not ready yet. Retrying in 20 seconds.
2020-04-19 14:41:25 ERROR (MainThread) [homeassistant.components.ipp] Error fetching ipp data: Invalid response from API: Error occurred while communicating with IPP server.
2020-04-19 14:41:25 WARNING (MainThread) [homeassistant.config_entries] Config entry for ipp not ready yet. Retrying in 40 seconds.
2020-04-19 14:41:54 ERROR (MainThread) [homeassistant.components.websocket_api.http.connection.1784754128] must contain at least one of entity_id, area_id.
Traceback (most recent call last):
  File "/usr/local/lib/python3.7/site-packages/voluptuous/schema_builder.py", line 272, in __call__
    return self._compiled([], data)
  File "/usr/local/lib/python3.7/site-packages/voluptuous/schema_builder.py", line 817, in validate_callable
    return schema(data)
  File "/usr/src/homeassistant/homeassistant/helpers/config_validation.py", line 115, in validate
    raise vol.Invalid("must contain at least one of {}.".format(", ".join(keys)))
voluptuous.error.Invalid: must contain at least one of entity_id, area_id.

During handling of the above exception, another exception occurred:

Traceback (most recent call last):
  File "/usr/src/homeassistant/homeassistant/components/websocket_api/commands.py", line 134, in handle_call_service
    connection.context(msg),
  File "/usr/src/homeassistant/homeassistant/core.py", line 1210, in async_call
    processed_data = handler.schema(service_data)
  File "/usr/local/lib/python3.7/site-packages/voluptuous/validators.py", line 208, in __call__
    return self._exec((Schema(val) for val in self.validators), v)
  File "/usr/local/lib/python3.7/site-packages/voluptuous/validators.py", line 287, in _exec
    raise e if self.msg is None else AllInvalid(self.msg, path=path)
  File "/usr/local/lib/python3.7/site-packages/voluptuous/validators.py", line 283, in _exec
    v = func(v)
  File "/usr/local/lib/python3.7/site-packages/voluptuous/schema_builder.py", line 276, in __call__
    raise er.MultipleInvalid([e])
voluptuous.error.MultipleInvalid: must contain at least one of entity_id, area_id.
2020-04-19 14:42:07 ERROR (MainThread) [homeassistant.components.ipp] Error fetching ipp data: Invalid response from API: Error occurred while communicating with IPP server.
2020-04-19 14:42:07 WARNING (MainThread) [homeassistant.config_entries] Config entry for ipp not ready yet. Retrying in 80 seconds.
2020-04-19 14:42:34 ERROR (MainThread) [homeassistant.components.websocket_api.http.connection.1732699120] must contain at least one of entity_id, area_id.
Traceback (most recent call last):
  File "/usr/local/lib/python3.7/site-packages/voluptuous/schema_builder.py", line 272, in __call__
    return self._compiled([], data)
  File "/usr/local/lib/python3.7/site-packages/voluptuous/schema_builder.py", line 817, in validate_callable
    return schema(data)
  File "/usr/src/homeassistant/homeassistant/helpers/config_validation.py", line 115, in validate
    raise vol.Invalid("must contain at least one of {}.".format(", ".join(keys)))
voluptuous.error.Invalid: must contain at least one of entity_id, area_id.

During handling of the above exception, another exception occurred:

Traceback (most recent call last):
  File "/usr/src/homeassistant/homeassistant/components/websocket_api/commands.py", line 134, in handle_call_service
    connection.context(msg),
  File "/usr/src/homeassistant/homeassistant/core.py", line 1210, in async_call
    processed_data = handler.schema(service_data)
  File "/usr/local/lib/python3.7/site-packages/voluptuous/validators.py", line 208, in __call__
    return self._exec((Schema(val) for val in self.validators), v)
  File "/usr/local/lib/python3.7/site-packages/voluptuous/validators.py", line 287, in _exec
    raise e if self.msg is None else AllInvalid(self.msg, path=path)
  File "/usr/local/lib/python3.7/site-packages/voluptuous/validators.py", line 283, in _exec
    v = func(v)
  File "/usr/local/lib/python3.7/site-packages/voluptuous/schema_builder.py", line 276, in __call__
    raise er.MultipleInvalid([e])
voluptuous.error.MultipleInvalid: must contain at least one of entity_id, area_id.
2020-04-19 14:43:31 ERROR (MainThread) [homeassistant.components.ipp] Error fetching ipp data: Invalid response from API: Error occurred while communicating with IPP server.
2020-04-19 14:43:31 WARNING (MainThread) [homeassistant.config_entries] Config entry for ipp not ready yet. Retrying in 80 seconds.
2020-04-19 14:44:55 ERROR (MainThread) [homeassistant.components.ipp] Error fetching ipp data: Invalid response from API: Error occurred while communicating with IPP server.
2020-04-19 14:44:55 WARNING (MainThread) [homeassistant.config_entries] Config entry for ipp not ready yet. Retrying in 80 seconds.
2020-04-19 14:46:16 ERROR (MainThread) [homeassistant.components.ipp] Error fetching ipp data: Invalid response from API: Error occurred while communicating with IPP server.
2020-04-19 14:46:16 WARNING (MainThread) [homeassistant.config_entries] Config entry for ipp not ready yet. Retrying in 80 seconds.
2020-04-19 14:47:40 ERROR (MainThread) [homeassistant.components.ipp] Error fetching ipp data: Invalid response from API: Error occurred while communicating with IPP server.
2020-04-19 14:47:40 WARNING (MainThread) [homeassistant.config_entries] Config entry for ipp not ready yet. Retrying in 80 seconds.
2020-04-19 14:49:02 ERROR (MainThread) [homeassistant.components.ipp] Error fetching ipp data: Invalid response from API: Error occurred while communicating with IPP server.
2020-04-19 14:49:02 WARNING (MainThread) [homeassistant.config_entries] Config entry for ipp not ready yet. Retrying in 80 seconds.
2020-04-19 14:50:26 ERROR (MainThread) [homeassistant.components.ipp] Error fetching ipp data: Invalid response from API: Error occurred while communicating with IPP server.
2020-04-19 14:50:26 WARNING (MainThread) [homeassistant.config_entries] Config entry for ipp not ready yet. Retrying in 80 seconds.
2020-04-19 14:51:50 ERROR (MainThread) [homeassistant.components.ipp] Error fetching ipp data: Invalid response from API: Error occurred while communicating with IPP server.
2020-04-19 14:51:50 WARNING (MainThread) [homeassistant.config_entries] Config entry for ipp not ready yet. Retrying in 80 seconds.
2020-04-19 14:53:11 ERROR (MainThread) [homeassistant.components.ipp] Error fetching ipp data: Invalid response from API: Error occurred while communicating with IPP server.
2020-04-19 14:53:11 WARNING (MainThread) [homeassistant.config_entries] Config entry for ipp not ready yet. Retrying in 80 seconds.
2020-04-19 14:54:35 ERROR (MainThread) [homeassistant.components.ipp] Error fetching ipp data: Invalid response from API: Error occurred while communicating with IPP server.
2020-04-19 14:54:35 WARNING (MainThread) [homeassistant.config_entries] Config entry for ipp not ready yet. Retrying in 80 seconds.
2020-04-19 14:55:59 ERROR (MainThread) [homeassistant.components.ipp] Error fetching ipp data: Invalid response from API: Error occurred while communicating with IPP server.
2020-04-19 14:55:59 WARNING (MainThread) [homeassistant.config_entries] Config entry for ipp not ready yet. Retrying in 80 seconds.
2020-04-19 14:57:23 ERROR (MainThread) [homeassistant.components.ipp] Error fetching ipp data: Invalid response from API: Error occurred while communicating with IPP server.
2020-04-19 14:57:23 WARNING (MainThread) [homeassistant.config_entries] Config entry for ipp not ready yet. Retrying in 80 seconds.
2020-04-19 14:58:47 ERROR (MainThread) [homeassistant.components.ipp] Error fetching ipp data: Invalid response from API: Error occurred while communicating with IPP server.
2020-04-19 14:58:47 WARNING (MainThread) [homeassistant.config_entries] Config entry for ipp not ready yet. Retrying in 80 seconds.
2020-04-19 15:00:11 ERROR (MainThread) [homeassistant.components.ipp] Error fetching ipp data: Invalid response from API: Error occurred while communicating with IPP server.
2020-04-19 15:00:11 WARNING (MainThread) [homeassistant.config_entries] Config entry for ipp not ready yet. Retrying in 80 seconds.
2020-04-19 15:01:35 ERROR (MainThread) [homeassistant.components.ipp] Error fetching ipp data: Invalid response from API: Error occurred while communicating with IPP server.
2020-04-19 15:01:35 WARNING (MainThread) [homeassistant.config_entries] Config entry for ipp not ready yet. Retrying in 80 seconds.
2020-04-19 15:02:59 ERROR (MainThread) [homeassistant.components.ipp] Error fetching ipp data: Invalid response from API: Error occurred while communicating with IPP server.
2020-04-19 15:02:59 WARNING (MainThread) [homeassistant.config_entries] Config entry for ipp not ready yet. Retrying in 80 seconds.
2020-04-19 15:04:23 ERROR (MainThread) [homeassistant.components.ipp] Error fetching ipp data: Invalid response from API: Error occurred while communicating with IPP server.
2020-04-19 15:04:23 WARNING (MainThread) [homeassistant.config_entries] Config entry for ipp not ready yet. Retrying in 80 seconds.
2020-04-19 15:05:47 ERROR (MainThread) [homeassistant.components.ipp] Error fetching ipp data: Invalid response from API: Error occurred while communicating with IPP server.
2020-04-19 15:05:47 WARNING (MainThread) [homeassistant.config_entries] Config entry for ipp not ready yet. Retrying in 80 seconds.
2020-04-19 15:07:11 ERROR (MainThread) [homeassistant.components.ipp] Error fetching ipp data: Invalid response from API: Error occurred while communicating with IPP server.
2020-04-19 15:07:11 WARNING (MainThread) [homeassistant.config_entries] Config entry for ipp not ready yet. Retrying in 80 seconds.
2020-04-19 15:08:35 ERROR (MainThread) [homeassistant.components.ipp] Error fetching ipp data: Invalid response from API: Error occurred while communicating with IPP server.
2020-04-19 15:08:35 WARNING (MainThread) [homeassistant.config_entries] Config entry for ipp not ready yet. Retrying in 80 seconds.
2020-04-19 15:09:59 ERROR (MainThread) [homeassistant.components.ipp] Error fetching ipp data: Invalid response from API: Error occurred while communicating with IPP server.
2020-04-19 15:09:59 WARNING (MainThread) [homeassistant.config_entries] Config entry for ipp not ready yet. Retrying in 80 seconds.
2020-04-19 15:11:23 ERROR (MainThread) [homeassistant.components.ipp] Error fetching ipp data: Invalid response from API: Error occurred while communicating with IPP server.
2020-04-19 15:11:23 WARNING (MainThread) [homeassistant.config_entries] Config entry for ipp not ready yet. Retrying in 80 seconds.
2020-04-19 15:12:05 ERROR (MainThread) [frontend.js.latest.202004072] http://192.168.20.84:8123/config/lovelace/resources:0:0 ResizeObserver loop limit exceeded
2020-04-19 15:12:47 ERROR (MainThread) [homeassistant.components.ipp] Error fetching ipp data: Invalid response from API: Error occurred while communicating with IPP server.
2020-04-19 15:12:47 WARNING (MainThread) [homeassistant.config_entries] Config entry for ipp not ready yet. Retrying in 80 seconds.
2020-04-19 15:14:11 ERROR (MainThread) [homeassistant.components.ipp] Error fetching ipp data: Invalid response from API: Error occurred while communicating with IPP server.
2020-04-19 15:14:11 WARNING (MainThread) [homeassistant.config_entries] Config entry for ipp not ready yet. Retrying in 80 seconds.
2020-04-19 15:15:35 ERROR (MainThread) [homeassistant.components.ipp] Error fetching ipp data: Invalid response from API: Error occurred while communicating with IPP server.
2020-04-19 15:15:35 WARNING (MainThread) [homeassistant.config_entries] Config entry for ipp not ready yet. Retrying in 80 seconds.
2020-04-19 15:16:59 ERROR (MainThread) [homeassistant.components.ipp] Error fetching ipp data: Invalid response from API: Error occurred while communicating with IPP server.
2020-04-19 15:16:59 WARNING (MainThread) [homeassistant.config_entries] Config entry for ipp not ready yet. Retrying in 80 seconds.
2020-04-19 15:18:23 ERROR (MainThread) [homeassistant.components.ipp] Error fetching ipp data: Invalid response from API: Error occurred while communicating with IPP server.
2020-04-19 15:18:23 WARNING (MainThread) [homeassistant.config_entries] Config entry for ipp not ready yet. Retrying in 80 seconds.
2020-04-19 15:19:47 ERROR (MainThread) [homeassistant.components.ipp] Error fetching ipp data: Invalid response from API: Error occurred while communicating with IPP server.
2020-04-19 15:19:47 WARNING (MainThread) [homeassistant.config_entries] Config entry for ipp not ready yet. Retrying in 80 seconds.
2020-04-19 15:21:11 ERROR (MainThread) [homeassistant.components.ipp] Error fetching ipp data: Invalid response from API: Error occurred while communicating with IPP server.
2020-04-19 15:21:11 WARNING (MainThread) [homeassistant.config_entries] Config entry for ipp not ready yet. Retrying in 80 seconds.
2020-04-19 15:22:35 ERROR (MainThread) [homeassistant.components.ipp] Error fetching ipp data: Invalid response from API: Error occurred while communicating with IPP server.
2020-04-19 15:22:35 WARNING (MainThread) [homeassistant.config_entries] Config entry for ipp not ready yet. Retrying in 80 seconds.
2020-04-19 15:23:59 ERROR (MainThread) [homeassistant.components.ipp] Error fetching ipp data: Invalid response from API: Error occurred while communicating with IPP server.
2020-04-19 15:23:59 WARNING (MainThread) [homeassistant.config_entries] Config entry for ipp not ready yet. Retrying in 80 seconds.
2020-04-19 15:25:23 ERROR (MainThread) [homeassistant.components.ipp] Error fetching ipp data: Invalid response from API: Error occurred while communicating with IPP server.
2020-04-19 15:25:23 WARNING (MainThread) [homeassistant.config_entries] Config entry for ipp not ready yet. Retrying in 80 seconds.
2020-04-19 15:26:47 ERROR (MainThread) [homeassistant.components.ipp] Error fetching ipp data: Invalid response from API: Error occurred while communicating with IPP server.
2020-04-19 15:26:47 WARNING (MainThread) [homeassistant.config_entries] Config entry for ipp not ready yet. Retrying in 80 seconds.
2020-04-19 15:28:11 ERROR (MainThread) [homeassistant.components.ipp] Error fetching ipp data: Invalid response from API: Error occurred while communicating with IPP server.
2020-04-19 15:28:11 WARNING (MainThread) [homeassistant.config_entries] Config entry for ipp not ready yet. Retrying in 80 seconds.
2020-04-19 15:29:35 ERROR (MainThread) [homeassistant.components.ipp] Error fetching ipp data: Invalid response from API: Error occurred while communicating with IPP server.
2020-04-19 15:29:35 WARNING (MainThread) [homeassistant.config_entries] Config entry for ipp not ready yet. Retrying in 80 seconds.
2020-04-19 15:30:59 ERROR (MainThread) [homeassistant.components.ipp] Error fetching ipp data: Invalid response from API: Error occurred while communicating with IPP server.
2020-04-19 15:30:59 WARNING (MainThread) [homeassistant.config_entries] Config entry for ipp not ready yet. Retrying in 80 seconds.
2020-04-19 15:32:23 ERROR (MainThread) [homeassistant.components.ipp] Error fetching ipp data: Invalid response from API: Error occurred while communicating with IPP server.
2020-04-19 15:32:23 WARNING (MainThread) [homeassistant.config_entries] Config entry for ipp not ready yet. Retrying in 80 seconds.
2020-04-19 15:33:47 ERROR (MainThread) [homeassistant.components.ipp] Error fetching ipp data: Invalid response from API: Error occurred while communicating with IPP server.
2020-04-19 15:33:47 WARNING (MainThread) [homeassistant.config_entries] Config entry for ipp not ready yet. Retrying in 80 seconds.
2020-04-19 15:35:11 ERROR (MainThread) [homeassistant.components.ipp] Error fetching ipp data: Invalid response from API: Error occurred while communicating with IPP server.
2020-04-19 15:35:11 WARNING (MainThread) [homeassistant.config_entries] Config entry for ipp not ready yet. Retrying in 80 seconds.
2020-04-19 15:36:35 ERROR (MainThread) [homeassistant.components.ipp] Error fetching ipp data: Invalid response from API: Error occurred while communicating with IPP server.
2020-04-19 15:36:35 WARNING (MainThread) [homeassistant.config_entries] Config entry for ipp not ready yet. Retrying in 80 seconds.
2020-04-19 15:37:59 ERROR (MainThread) [homeassistant.components.ipp] Error fetching ipp data: Invalid response from API: Error occurred while communicating with IPP server.
2020-04-19 15:37:59 WARNING (MainThread) [homeassistant.config_entries] Config entry for ipp not ready yet. Retrying in 80 seconds.
2020-04-19 15:39:23 ERROR (MainThread) [homeassistant.components.ipp] Error fetching ipp data: Invalid response from API: Error occurred while communicating with IPP server.
2020-04-19 15:39:23 WARNING (MainThread) [homeassistant.config_entries] Config entry for ipp not ready yet. Retrying in 80 seconds.
2020-04-19 15:40:47 ERROR (MainThread) [homeassistant.components.ipp] Error fetching ipp data: Invalid response from API: Error occurred while communicating with IPP server.
2020-04-19 15:40:47 WARNING (MainThread) [homeassistant.config_entries] Config entry for ipp not ready yet. Retrying in 80 seconds.
2020-04-19 15:42:11 ERROR (MainThread) [homeassistant.components.ipp] Error fetching ipp data: Invalid response from API: Error occurred while communicating with IPP server.
2020-04-19 15:42:11 WARNING (MainThread) [homeassistant.config_entries] Config entry for ipp not ready yet. Retrying in 80 seconds.
2020-04-19 15:43:35 ERROR (MainThread) [homeassistant.components.ipp] Error fetching ipp data: Invalid response from API: Error occurred while communicating with IPP server.
2020-04-19 15:43:35 WARNING (MainThread) [homeassistant.config_entries] Config entry for ipp not ready yet. Retrying in 80 seconds.
2020-04-19 15:44:59 ERROR (MainThread) [homeassistant.components.ipp] Error fetching ipp data: Invalid response from API: Error occurred while communicating with IPP server.
2020-04-19 15:44:59 WARNING (MainThread) [homeassistant.config_entries] Config entry for ipp not ready yet. Retrying in 80 seconds.
2020-04-19 15:46:23 ERROR (MainThread) [homeassistant.components.ipp] Error fetching ipp data: Invalid response from API: Error occurred while communicating with IPP server.
2020-04-19 15:46:23 WARNING (MainThread) [homeassistant.config_entries] Config entry for ipp not ready yet. Retrying in 80 seconds.
2020-04-19 15:47:47 ERROR (MainThread) [homeassistant.components.ipp] Error fetching ipp data: Invalid response from API: Error occurred while communicating with IPP server.
2020-04-19 15:47:47 WARNING (MainThread) [homeassistant.config_entries] Config entry for ipp not ready yet. Retrying in 80 seconds.
2020-04-19 15:49:11 ERROR (MainThread) [homeassistant.components.ipp] Error fetching ipp data: Invalid response from API: Error occurred while communicating with IPP server.
2020-04-19 15:49:11 WARNING (MainThread) [homeassistant.config_entries] Config entry for ipp not ready yet. Retrying in 80 seconds.
2020-04-19 15:50:35 ERROR (MainThread) [homeassistant.components.ipp] Error fetching ipp data: Invalid response from API: Error occurred while communicating with IPP server.
2020-04-19 15:50:35 WARNING (MainThread) [homeassistant.config_entries] Config entry for ipp not ready yet. Retrying in 80 seconds.
2020-04-19 15:51:59 ERROR (MainThread) [homeassistant.components.ipp] Error fetching ipp data: Invalid response from API: Error occurred while communicating with IPP server.
2020-04-19 15:51:59 WARNING (MainThread) [homeassistant.config_entries] Config entry for ipp not ready yet. Retrying in 80 seconds.
2020-04-19 15:53:23 ERROR (MainThread) [homeassistant.components.ipp] Error fetching ipp data: Invalid response from API: Error occurred while communicating with IPP server.
2020-04-19 15:53:23 WARNING (MainThread) [homeassistant.config_entries] Config entry for ipp not ready yet. Retrying in 80 seconds.
2020-04-19 15:54:47 ERROR (MainThread) [homeassistant.components.ipp] Error fetching ipp data: Invalid response from API: Error occurred while communicating with IPP server.
2020-04-19 15:54:47 WARNING (MainThread) [homeassistant.config_entries] Config entry for ipp not ready yet. Retrying in 80 seconds.
2020-04-19 15:56:11 ERROR (MainThread) [homeassistant.components.ipp] Error fetching ipp data: Invalid response from API: Error occurred while communicating with IPP server.
2020-04-19 15:56:11 WARNING (MainThread) [homeassistant.config_entries] Config entry for ipp not ready yet. Retrying in 80 seconds.
2020-04-19 15:57:35 ERROR (MainThread) [homeassistant.components.ipp] Error fetching ipp data: Invalid response from API: Error occurred while communicating with IPP server.
2020-04-19 15:57:35 WARNING (MainThread) [homeassistant.config_entries] Config entry for ipp not ready yet. Retrying in 80 seconds.
2020-04-19 15:58:59 ERROR (MainThread) [homeassistant.components.ipp] Error fetching ipp data: Invalid response from API: Error occurred while communicating with IPP server.
2020-04-19 15:58:59 WARNING (MainThread) [homeassistant.config_entries] Config entry for ipp not ready yet. Retrying in 80 seconds.
2020-04-19 16:00:23 ERROR (MainThread) [homeassistant.components.ipp] Error fetching ipp data: Invalid response from API: Error occurred while communicating with IPP server.
2020-04-19 16:00:23 WARNING (MainThread) [homeassistant.config_entries] Config entry for ipp not ready yet. Retrying in 80 seconds.
2020-04-19 16:01:47 ERROR (MainThread) [homeassistant.components.ipp] Error fetching ipp data: Invalid response from API: Error occurred while communicating with IPP server.
2020-04-19 16:01:47 WARNING (MainThread) [homeassistant.config_entries] Config entry for ipp not ready yet. Retrying in 80 seconds.
2020-04-19 16:03:11 ERROR (MainThread) [homeassistant.components.ipp] Error fetching ipp data: Invalid response from API: Error occurred while communicating with IPP server.
2020-04-19 16:03:11 WARNING (MainThread) [homeassistant.config_entries] Config entry for ipp not ready yet. Retrying in 80 seconds.
2020-04-19 16:04:35 ERROR (MainThread) [homeassistant.components.ipp] Error fetching ipp data: Invalid response from API: Error occurred while communicating with IPP server.
2020-04-19 16:04:35 WARNING (MainThread) [homeassistant.config_entries] Config entry for ipp not ready yet. Retrying in 80 seconds.
2020-04-19 16:05:59 ERROR (MainThread) [homeassistant.components.ipp] Error fetching ipp data: Invalid response from API: Error occurred while communicating with IPP server.
2020-04-19 16:05:59 WARNING (MainThread) [homeassistant.config_entries] Config entry for ipp not ready yet. Retrying in 80 seconds.
2020-04-19 16:07:23 ERROR (MainThread) [homeassistant.components.ipp] Error fetching ipp data: Invalid response from API: Error occurred while communicating with IPP server.
2020-04-19 16:07:23 WARNING (MainThread) [homeassistant.config_entries] Config entry for ipp not ready yet. Retrying in 80 seconds.
2020-04-19 16:08:47 ERROR (MainThread) [homeassistant.components.ipp] Error fetching ipp data: Invalid response from API: Error occurred while communicating with IPP server.
2020-04-19 16:08:47 WARNING (MainThread) [homeassistant.config_entries] Config entry for ipp not ready yet. Retrying in 80 seconds.
2020-04-19 16:10:11 ERROR (MainThread) [homeassistant.components.ipp] Error fetching ipp data: Invalid response from API: Error occurred while communicating with IPP server.
2020-04-19 16:10:11 WARNING (MainThread) [homeassistant.config_entries] Config entry for ipp not ready yet. Retrying in 80 seconds.
2020-04-19 16:11:35 ERROR (MainThread) [homeassistant.components.ipp] Error fetching ipp data: Invalid response from API: Error occurred while communicating with IPP server.
2020-04-19 16:11:35 WARNING (MainThread) [homeassistant.config_entries] Config entry for ipp not ready yet. Retrying in 80 seconds.
2020-04-19 16:12:59 ERROR (MainThread) [homeassistant.components.ipp] Error fetching ipp data: Invalid response from API: Error occurred while communicating with IPP server.
2020-04-19 16:12:59 WARNING (MainThread) [homeassistant.config_entries] Config entry for ipp not ready yet. Retrying in 80 seconds.
2020-04-19 16:14:23 ERROR (MainThread) [homeassistant.components.ipp] Error fetching ipp data: Invalid response from API: Error occurred while communicating with IPP server.
2020-04-19 16:14:23 WARNING (MainThread) [homeassistant.config_entries] Config entry for ipp not ready yet. Retrying in 80 seconds.
2020-04-19 16:15:47 ERROR (MainThread) [homeassistant.components.ipp] Error fetching ipp data: Invalid response from API: Error occurred while communicating with IPP server.
2020-04-19 16:15:47 WARNING (MainThread) [homeassistant.config_entries] Config entry for ipp not ready yet. Retrying in 80 seconds.
2020-04-19 16:17:11 ERROR (MainThread) [homeassistant.components.ipp] Error fetching ipp data: Invalid response from API: Error occurred while communicating with IPP server.
2020-04-19 16:17:11 WARNING (MainThread) [homeassistant.config_entries] Config entry for ipp not ready yet. Retrying in 80 seconds.
2020-04-19 16:18:35 ERROR (MainThread) [homeassistant.components.ipp] Error fetching ipp data: Invalid response from API: Error occurred while communicating with IPP server.
2020-04-19 16:18:35 WARNING (MainThread) [homeassistant.config_entries] Config entry for ipp not ready yet. Retrying in 80 seconds.
2020-04-19 16:19:59 ERROR (MainThread) [homeassistant.components.ipp] Error fetching ipp data: Invalid response from API: Error occurred while communicating with IPP server.
2020-04-19 16:19:59 WARNING (MainThread) [homeassistant.config_entries] Config entry for ipp not ready yet. Retrying in 80 seconds.
2020-04-19 16:21:23 ERROR (MainThread) [homeassistant.components.ipp] Error fetching ipp data: Invalid response from API: Error occurred while communicating with IPP server.
2020-04-19 16:21:23 WARNING (MainThread) [homeassistant.config_entries] Config entry for ipp not ready yet. Retrying in 80 seconds.
2020-04-19 16:22:47 ERROR (MainThread) [homeassistant.components.ipp] Error fetching ipp data: Invalid response from API: Error occurred while communicating with IPP server.
2020-04-19 16:22:47 WARNING (MainThread) [homeassistant.config_entries] Config entry for ipp not ready yet. Retrying in 80 seconds.
2020-04-19 16:24:11 ERROR (MainThread) [homeassistant.components.ipp] Error fetching ipp data: Invalid response from API: Error occurred while communicating with IPP server.
2020-04-19 16:24:11 WARNING (MainThread) [homeassistant.config_entries] Config entry for ipp not ready yet. Retrying in 80 seconds.
2020-04-19 16:25:35 ERROR (MainThread) [homeassistant.components.ipp] Error fetching ipp data: Invalid response from API: Error occurred while communicating with IPP server.
2020-04-19 16:25:35 WARNING (MainThread) [homeassistant.config_entries] Config entry for ipp not ready yet. Retrying in 80 seconds.
2020-04-19 16:26:59 ERROR (MainThread) [homeassistant.components.ipp] Error fetching ipp data: Invalid response from API: Error occurred while communicating with IPP server.
2020-04-19 16:26:59 WARNING (MainThread) [homeassistant.config_entries] Config entry for ipp not ready yet. Retrying in 80 seconds.
2020-04-19 16:28:23 ERROR (MainThread) [homeassistant.components.ipp] Error fetching ipp data: Invalid response from API: Error occurred while communicating with IPP server.
2020-04-19 16:28:23 WARNING (MainThread) [homeassistant.config_entries] Config entry for ipp not ready yet. Retrying in 80 seconds.
2020-04-19 16:29:47 ERROR (MainThread) [homeassistant.components.ipp] Error fetching ipp data: Invalid response from API: Error occurred while communicating with IPP server.
2020-04-19 16:29:47 WARNING (MainThread) [homeassistant.config_entries] Config entry for ipp not ready yet. Retrying in 80 seconds.
2020-04-19 16:31:11 ERROR (MainThread) [homeassistant.components.ipp] Error fetching ipp data: Invalid response from API: Error occurred while communicating with IPP server.
2020-04-19 16:31:11 WARNING (MainThread) [homeassistant.config_entries] Config entry for ipp not ready yet. Retrying in 80 seconds.
2020-04-19 16:32:35 ERROR (MainThread) [homeassistant.components.ipp] Error fetching ipp data: Invalid response from API: Error occurred while communicating with IPP server.
2020-04-19 16:32:35 WARNING (MainThread) [homeassistant.config_entries] Config entry for ipp not ready yet. Retrying in 80 seconds.
2020-04-19 16:33:59 ERROR (MainThread) [homeassistant.components.ipp] Error fetching ipp data: Invalid response from API: Error occurred while communicating with IPP server.
2020-04-19 16:33:59 WARNING (MainThread) [homeassistant.config_entries] Config entry for ipp not ready yet. Retrying in 80 seconds.
2020-04-19 16:35:23 ERROR (MainThread) [homeassistant.components.ipp] Error fetching ipp data: Invalid response from API: Error occurred while communicating with IPP server.
2020-04-19 16:35:23 WARNING (MainThread) [homeassistant.config_entries] Config entry for ipp not ready yet. Retrying in 80 seconds.
2020-04-19 16:36:47 ERROR (MainThread) [homeassistant.components.ipp] Error fetching ipp data: Invalid response from API: Error occurred while communicating with IPP server.
2020-04-19 16:36:47 WARNING (MainThread) [homeassistant.config_entries] Config entry for ipp not ready yet. Retrying in 80 seconds.
2020-04-19 16:38:11 ERROR (MainThread) [homeassistant.components.ipp] Error fetching ipp data: Invalid response from API: Error occurred while communicating with IPP server.
2020-04-19 16:38:11 WARNING (MainThread) [homeassistant.config_entries] Config entry for ipp not ready yet. Retrying in 80 seconds.
2020-04-19 16:39:35 ERROR (MainThread) [homeassistant.components.ipp] Error fetching ipp data: Invalid response from API: Error occurred while communicating with IPP server.
2020-04-19 16:39:35 WARNING (MainThread) [homeassistant.config_entries] Config entry for ipp not ready yet. Retrying in 80 seconds.
2020-04-19 16:40:59 ERROR (MainThread) [homeassistant.components.ipp] Error fetching ipp data: Invalid response from API: Error occurred while communicating with IPP server.
2020-04-19 16:40:59 WARNING (MainThread) [homeassistant.config_entries] Config entry for ipp not ready yet. Retrying in 80 seconds.
2020-04-19 16:42:23 ERROR (MainThread) [homeassistant.components.ipp] Error fetching ipp data: Invalid response from API: Error occurred while communicating with IPP server.
2020-04-19 16:42:23 WARNING (MainThread) [homeassistant.config_entries] Config entry for ipp not ready yet. Retrying in 80 seconds.
2020-04-19 16:43:47 ERROR (MainThread) [homeassistant.components.ipp] Error fetching ipp data: Invalid response from API: Error occurred while communicating with IPP server.
2020-04-19 16:43:47 WARNING (MainThread) [homeassistant.config_entries] Config entry for ipp not ready yet. Retrying in 80 seconds.
2020-04-19 16:45:11 ERROR (MainThread) [homeassistant.components.ipp] Error fetching ipp data: Invalid response from API: Error occurred while communicating with IPP server.
2020-04-19 16:45:11 WARNING (MainThread) [homeassistant.config_entries] Config entry for ipp not ready yet. Retrying in 80 seconds.
2020-04-19 16:46:35 ERROR (MainThread) [homeassistant.components.ipp] Error fetching ipp data: Invalid response from API: Error occurred while communicating with IPP server.
2020-04-19 16:46:35 WARNING (MainThread) [homeassistant.config_entries] Config entry for ipp not ready yet. Retrying in 80 seconds.
2020-04-19 16:47:59 ERROR (MainThread) [homeassistant.components.ipp] Error fetching ipp data: Invalid response from API: Error occurred while communicating with IPP server.
2020-04-19 16:47:59 WARNING (MainThread) [homeassistant.config_entries] Config entry for ipp not ready yet. Retrying in 80 seconds.
2020-04-19 16:49:23 ERROR (MainThread) [homeassistant.components.ipp] Error fetching ipp data: Invalid response from API: Error occurred while communicating with IPP server.
2020-04-19 16:49:23 WARNING (MainThread) [homeassistant.config_entries] Config entry for ipp not ready yet. Retrying in 80 seconds.
2020-04-19 16:50:47 ERROR (MainThread) [homeassistant.components.ipp] Error fetching ipp data: Invalid response from API: Error occurred while communicating with IPP server.
2020-04-19 16:50:47 WARNING (MainThread) [homeassistant.config_entries] Config entry for ipp not ready yet. Retrying in 80 seconds.
